11:01:32 **** Incremental Build of configuration Debug for project pspl_test ****
make pre-build main-build 
a9-linaro-pre-build-step
' '
make: Nothing to be done for `main-build'.
11:01:43 **** Incremental Build of configuration Debug for project pspl_test ****
make pre-build main-build 
a9-linaro-pre-build-step
' '
'Building file: ../src/helloworld.c'
'Invoking: ARM v7 gcc compiler'
arm-none-eabi-gcc -Wall -O0 -g3 -c -fmessage-length=0 -MT"src/helloworld.o" -mcpu=cortex-a9 -mfpu=vfpv3 -mfloat-abi=hard -I../../pspl_test_bsp/ps7_cortexa9_0/include -MMD -MP -MF"src/helloworld.d" -MT"src/helloworld.o" -o "src/helloworld.o" "../src/helloworld.c"
'Finished building: ../src/helloworld.c'
' '
'Building target: pspl_test.elf'
'Invoking: ARM v7 gcc linker'
arm-none-eabi-gcc -mcpu=cortex-a9 -mfpu=vfpv3 -mfloat-abi=hard -Wl,-build-id=none -specs=Xilinx.spec -Wl,-T -Wl,../src/lscript.ld -L../../pspl_test_bsp/ps7_cortexa9_0/lib -o "pspl_test.elf"  ./src/helloworld.o ./src/platform.o   -Wl,--start-group,-lxil,-lgcc,-lc,--end-group
'Finished building target: pspl_test.elf'
' '
'Invoking: ARM v7 Print Size'
arm-none-eabi-size pspl_test.elf  |tee "pspl_test.elf.size"
   text	   data	    bss	    dec	    hex	filename
  22424	   1144	  22568	  46136	   b438	pspl_test.elf
'Finished building: pspl_test.elf.size'
' '
